08-30 16:30 root         INFO     Start Classification
08-30 16:30 root         INFO     Generate Test Features =>TestFiles/sample-en-fr.txt
08-30 16:30 root         INFO     Perform LI
08-30 16:30 root         INFO     ====>Time LI:2.52047801018
08-30 16:30 root         INFO     Apply the rules
08-30 16:30 root         INFO     We classify using ML
08-30 16:30 GetFeatures::generateTestFeatures INFO     Generate Universal Features 
08-30 16:30 GetFeatures::generateTestFeatures INFO     Add HunAlign Features
08-30 16:30 GetFeatures::generateTestFeatures INFO     Store Model File  : /raid0/eduard/TMCleaner/TestFiles/sample-en-fr-Features.csv
08-30 16:30 root         INFO     Fit the ML algorithm :SVM
08-30 16:30 root         INFO     Unify Rule Based and Classification File
08-30 16:30 root         INFO     Move everything in the Classified directory.
08-30 16:30 root         INFO     End Classification
08-30 16:30 root         INFO     Time Whole Program=>:4.1292450428
